[    0.000000] Linux version 4.15.0-171-generic (buildd@ubuntu) (gcc version 7.5.0 (Ubuntu 7.5.0-3ubuntu1~18.04)) #180-Ubuntu SMP Wed Mar 2 17:25:05 UTC 2022 (Ubuntu 4.15.0-171.180-generic 4.15.18)
[    0.000000] Command line: BOOT_IMAGE=/boot/vmlinuz-4.15.0-171-generic root=UUID=f3f5e288-43e3-4799-851d-c2d1f4b7ec64 ro console=tty1 console=ttyS0
[    0.000000] KERNEL supported cpus:
[    0.000000]   Intel GenuineIntel
[    0.000000]   AMD AuthenticAMD
[    0.000000]   Centaur CentaurHauls
[    0.000000] x86/fpu: Supporting XSAVE feature 0x001: 'x87 floating point registers'
[    0.000000] x86/fpu: Supporting XSAVE feature 0x002: 'SSE registers'
[    0.000000] x86/fpu: Supporting XSAVE feature 0x004: 'AVX registers'
[    0.000000] x86/fpu: xstate_offset[2]:  576, xstate_sizes[2]:  256
[    0.000000] x86/fpu: Enabled xstate features 0x7, context size is 832 bytes, using 'standard' format.
[    0.000000] e820: BIOS-provided physical RAM map:
[    0.000000] BIOS-e820: [mem 0x0000000000000000-0x000000000009fbff] usable
[    0.000000] BIOS-e820: [mem 0x000000000009fc00-0x000000000009ffff] reserved
[    0.000000] BIOS-e820: [mem 0x00000000000f0000-0x00000000000fffff] reserved
[    0.000000] BIOS-e820: [mem 0x0000000000100000-0x00000000513effff] usable
[    0.000000] BIOS-e820: [mem 0x00000000513f0000-0x00000000513fffff] ACPI data
[    0.000000] BIOS-e820: [mem 0x00000000fec00000-0x00000000fec00fff] reserved
[    0.000000] BIOS-e820: [mem 0x00000000fee00000-0x00000000fee00fff] reserved
[    0.000000] BIOS-e820: [mem 0x00000000fffc0000-0x00000000ffffffff] reserved
[    0.000000] NX (Execute Disable) protection: active
[    0.000000] SMBIOS 2.5 present.
[    0.000000] DMI: innotek GmbH VirtualBox/VirtualBox, BIOS VirtualBox 12/01/2006
[    0.000000] Hypervisor detected: KVM
[    0.000000] e820: last_pfn = 0x513f0 max_arch_pfn = 0x400000000
[    0.000000] MTRR: Disabled
[    0.000000] x86/PAT: MTRRs disabled, skipping PAT initialization too.
[    0.000000] CPU MTRRs all blank - virtualized system.
[    0.000000] x86/PAT: Configuration [0-7]: WB  WT  UC- UC  WB  WT  UC- UC  
[    0.000000] found SMP MP-table at [mem 0x0009fff0-0x0009ffff]
[    0.000000] Scanning 1 areas for low memory corruption
[    0.000000] RAMDISK: [mem 0x35819000-0x36c03fff]
[    0.000000] ACPI: Early table checksum verification disabled
[    0.000000] ACPI: RSDP 0x00000000000E0000 000024 (v02 VBOX  )
[    0.000000] ACPI: XSDT 0x00000000513F0030 00003C (v01 VBOX   VBOXXSDT 00000001 ASL  00000061)
[    0.000000] ACPI: FACP 0x00000000513F00F0 0000F4 (v04 VBOX   VBOXFACP 00000001 ASL  00000061)
[    0.000000] ACPI: DSDT 0x00000000513F0470 002325 (v02 VBOX   VBOXBIOS 00000002 INTL 20100528)
[    0.000000] ACPI: FACS 0x00000000513F0200 000040
[    0.000000] ACPI: FACS 0x00000000513F0200 000040
[    0.000000] ACPI: APIC 0x00000000513F0240 00005C (v02 VBOX   VBOXAPIC 00000001 ASL  00000061)
[    0.000000] ACPI: SSDT 0x00000000513F02A0 0001CC (v01 VBOX   VBOXCPUT 00000002 INTL 20100528)
[    0.000000] ACPI: Reserving FACP table memory at [mem 0x513f00f0-0x513f01e3]
[    0.000000] ACPI: Reserving DSDT table memory at [mem 0x513f0470-0x513f2794]
[    0.000000] ACPI: Reserving FACS table memory at [mem 0x513f0200-0x513f023f]
[    0.000000] ACPI: Reserving FACS table memory at [mem 0x513f0200-0x513f023f]
[    0.000000] ACPI: Reserving APIC table memory at [mem 0x513f0240-0x513f029b]
[    0.000000] ACPI: Reserving SSDT table memory at [mem 0x513f02a0-0x513f046b]
[    0.000000] No NUMA configuration found
[    0.000000] Faking a node at [mem 0x0000000000000000-0x00000000513effff]
[    0.000000] NODE_DATA(0) allocated [mem 0x513c5000-0x513effff]
[    0.000000] kvm-clock: cpu 0, msr 0:51344001, primary cpu clock
[    0.000000] kvm-clock: Using msrs 4b564d01 and 4b564d00
[    0.000000] kvm-clock: using sched offset of 5394170735 cycles
[    0.000000] clocksource: kvm-clock: mask: 0xffffffffffffffff max_cycles: 0x1cd42e4dffb, max_idle_ns: 881590591483 ns
[    0.000000] Zone ranges:
[    0.000000]   DMA      [mem 0x0000000000001000-0x0000000000ffffff]
[    0.000000]   DMA32    [mem 0x0000000001000000-0x00000000513effff]
[    0.000000]   Normal   empty
[    0.000000]   Device   empty
[    0.000000] Movable zone start for each node
[    0.000000] Early memory node ranges
[    0.000000]   node   0: [mem 0x0000000000001000-0x000000000009efff]
[    0.000000]   node   0: [mem 0x0000000000100000-0x00000000513effff]
[    0.000000] Reserved but unavailable: 104 pages
[    0.000000] Initmem setup node 0 [mem 0x0000000000001000-0x00000000513effff]
[    0.000000] ACPI: PM-Timer IO Port: 0x4008
[    0.000000] IOAPIC[0]: apic_id 2, version 32, address 0xfec00000, GSI 0-23
[    0.000000] ACPI: INT_SRC_OVR (bus 0 bus_irq 0 global_irq 2 dfl dfl)
[    0.000000] ACPI: INT_SRC_OVR (bus 0 bus_irq 9 global_irq 9 low level)
[    0.000000] Using ACPI (MADT) for SMP configuration information
[    0.000000] smpboot: Allowing 2 CPUs, 0 hotplug CPUs
[    0.000000] PM: Registered nosave memory: [mem 0x00000000-0x00000fff]
[    0.000000] PM: Registered nosave memory: [mem 0x0009f000-0x0009ffff]
[    0.000000] PM: Registered nosave memory: [mem 0x000a0000-0x000effff]
[    0.000000] PM: Registered nosave memory: [mem 0x000f0000-0x000fffff]
[    0.000000] e820: [mem 0x51400000-0xfebfffff] available for PCI devices
[    0.000000] Booting paravirtualized kernel on KVM
[    0.000000] clocksource: refined-jiffies: mask: 0xffffffff max_cycles: 0xffffffff, max_idle_ns: 7645519600211568 ns
[    0.000000] random: get_random_bytes called from start_kernel+0x99/0x500 with crng_init=0
[    0.000000] setup_percpu: NR_CPUS:8192 nr_cpumask_bits:2 nr_cpu_ids:2 nr_node_ids:1
[    0.000000] percpu: Embedded 50 pages/cpu s167936 r8192 d28672 u1048576
[    0.000000] PV qspinlock hash table entries: 256 (order: 0, 4096 bytes)
[    0.000000] Built 1 zonelists, mobility grouping on.  Total pages: 327465
[    0.000000] Policy zone: DMA32
[    0.000000] Kernel command line: BOOT_IMAGE=/boot/vmlinuz-4.15.0-171-generic root=UUID=f3f5e288-43e3-4799-851d-c2d1f4b7ec64 ro console=tty1 console=ttyS0
[    0.000000] Memory: 1258252K/1330744K available (12300K kernel code, 2483K rwdata, 4324K rodata, 2476K init, 2724K bss, 72492K reserved, 0K cma-reserved)
[    0.000000] SLUB: HWalign=64, Order=0-3, MinObjects=0, CPUs=2, Nodes=1
[    0.000000] Kernel/User page tables isolation: enabled
[    0.000000] ftrace: allocating 39503 entries in 155 pages
[    0.004000] Hierarchical RCU implementation.
[    0.004000] 	RCU restricting CPUs from NR_CPUS=8192 to nr_cpu_ids=2.
[    0.004000] 	Tasks RCU enabled.
[    0.004000] RCU: Adjusting geometry for rcu_fanout_leaf=16, nr_cpu_ids=2
[    0.004000] NR_IRQS: 524544, nr_irqs: 440, preallocated irqs: 16
[    0.004000] Console: colour VGA+ 80x25
[    0.004000] console [tty1] enabled
[    0.004000] console [ttyS0] enabled
[    0.004000] ACPI: Core revision 20170831
[    0.004000] ACPI: 2 ACPI AML tables successfully acquired and loaded
[    0.004000] APIC: Switch to symmetric I/O mode setup
[    0.004000] x2apic enabled
[    0.004000] Switched APIC routing to physical x2apic.
[    0.006367] ..TIMER: vector=0x30 apic1=0 pin1=2 apic2=-1 pin2=-1
[    0.008004] tsc: Detected 2303.996 MHz processor
[    0.009552] Calibrating delay loop (skipped) preset value.. 4607.99 BogoMIPS (lpj=9215984)
[    0.012005] pid_max: default: 32768 minimum: 301
[    0.013649] Security Framework initialized
[    0.016004] Yama: becoming mindful.
[    0.017273] AppArmor: AppArmor initialized
[    0.024288] Dentry cache hash table entries: 262144 (order: 9, 2097152 bytes)
[    0.032081] Inode-cache hash table entries: 131072 (order: 8, 1048576 bytes)
[    0.036031] Mount-cache hash table entries: 4096 (order: 3, 32768 bytes)
[    0.038152] Mountpoint-cache hash table entries: 4096 (order: 3, 32768 bytes)
[    0.040573] Last level iTLB entries: 4KB 64, 2MB 8, 4MB 8
[    0.044005] Last level dTLB entries: 4KB 64, 2MB 0, 4MB 0, 1GB 4
[    0.045899] Spectre V1 : Mitigation: usercopy/swapgs barriers and __user pointer sanitization
[    0.048007] Spectre V2 : Mitigation: Retpolines
[    0.049613] Spectre V2 : Spectre v2 / SpectreRSB mitigation: Filling RSB on context switch
[    0.052004] Speculative Store Bypass: Vulnerable
[    0.053970] SRBDS: Unknown: Dependent on hypervisor status
[    0.056005] MDS: Mitigation: Clear CPU buffers
[    0.057832] Freeing SMP alternatives memory: 36K
[    0.172868] smpboot: CPU0: Intel(R) Core(TM) i5-8300H CPU @ 2.30GHz (family: 0x6, model: 0x9e, stepping: 0xa)
[    0.176000] Performance Events: unsupported p6 CPU model 158 no PMU driver, software events only.
[    0.176066] Hierarchical SRCU implementation.
[    0.181356] NMI watchdog: Perf event create on CPU 0 failed with -2
[    0.184005] NMI watchdog: Perf NMI watchdog permanently disabled
[    0.188090] smp: Bringing up secondary CPUs ...
[    0.189776] x86: Booting SMP configuration:
[    0.191157] .... node  #0, CPUs:      #1
[    0.004000] kvm-clock: cpu 1, msr 0:51344041, secondary cpu clock
[    0.196039] smp: Brought up 1 node, 2 CPUs
[    0.197406] smpboot: Max logical packages: 1
[    0.200011] smpboot: Total of 2 processors activated (9215.98 BogoMIPS)
[    0.204090] devtmpfs: initialized
[    0.205239] x86/mm: Memory block size: 128MB
[    0.207057] evm: security.selinux
[    0.208008] evm: security.SMACK64
[    0.209145] evm: security.SMACK64EXEC
[    0.210436] evm: security.SMACK64TRANSMUTE
[    0.212005] evm: security.SMACK64MMAP
[    0.213225] evm: security.apparmor
[    0.214386] evm: security.ima
[    0.215409] evm: security.capability
[    0.216160] clocksource: jiffies: mask: 0xffffffff max_cycles: 0xffffffff, max_idle_ns: 7645041785100000 ns
[    0.220024] futex hash table entries: 512 (order: 3, 32768 bytes)
[    0.222125] pinctrl core: initialized pinctrl subsystem
[    0.224130] RTC time: 10:35:35, date: 03/17/22
[    0.225981] NET: Registered protocol family 16
[    0.228086] audit: initializing netlink subsys (disabled)
[    0.229991] audit: type=2000 audit(1647513342.984:1): state=initialized audit_enabled=0 res=1
[    0.232031] cpuidle: using governor ladder
[    0.233541] cpuidle: using governor menu
[    0.236072] ACPI: bus type PCI registered
[    0.237560] acpiphp: ACPI Hot Plug PCI Controller Driver version: 0.5
[    0.240035] PCI: Using configuration type 1 for base access
[    0.248093] HugeTLB registered 2.00 MiB page size, pre-allocated 0 pages
[    0.252126] ACPI: Added _OSI(Module Device)
[    0.253762] ACPI: Added _OSI(Processor Device)
[    0.256020] ACPI: Added _OSI(3.0 _SCP Extensions)
[    0.257722] ACPI: Added _OSI(Processor Aggregator Device)
[    0.260007] ACPI: Added _OSI(Linux-Dell-Video)
[    0.261620] ACPI: Added _OSI(Linux-Lenovo-NV-HDMI-Audio)
[    0.263545] ACPI: Added _OSI(Linux-HPI-Hybrid-Graphics)
[    0.264650] ACPI: Executed 1 blocks of module-level executable AML code
[    0.277447] ACPI: Interpreter enabled
[    0.279650] ACPI: (supports S0 S5)
[    0.280008] ACPI: Using IOAPIC for interrupt routing
[    0.282233] PCI: Using host bridge windows from ACPI; if necessary, use "pci=nocrs" and report a bug
[    0.284405] ACPI: Enabled 2 GPEs in block 00 to 07
[    0.302149] ACPI: PCI Root Bridge [PCI0] (domain 0000 [bus 00-ff])
[    0.304000] acpi PNP0A03:00: _OSC: OS supports [ASPM ClockPM Segments MSI]
[    0.309130] acpi PNP0A03:00: _OSC: not requesting OS control; OS requires [ExtendedConfig ASPM ClockPM MSI]
[    0.312043] acpi PNP0A03:00: fail to add MMCONFIG information, can't access extended PCI configuration space under this bridge.
[    0.316920] PCI host bridge to bus 0000:00
[    0.320010] pci_bus 0000:00: root bus resource [io  0x0000-0x0cf7 window]
[    0.322350] pci_bus 0000:00: root bus resource [io  0x0d00-0xffff window]
[    0.324010] pci_bus 0000:00: root bus resource [mem 0x000a0000-0x000bffff window]
[    0.328011] pci_bus 0000:00: root bus resource [mem 0x51400000-0xfdffffff window]
[    0.332011] pci_bus 0000:00: root bus resource [bus 00-ff]
[    0.339670] pci 0000:00:01.1: legacy IDE quirk: reg 0x10: [io  0x01f0-0x01f7]
[    0.340010] pci 0000:00:01.1: legacy IDE quirk: reg 0x14: [io  0x03f6]
[    0.344008] pci 0000:00:01.1: legacy IDE quirk: reg 0x18: [io  0x0170-0x0177]
[    0.346251] pci 0000:00:01.1: legacy IDE quirk: reg 0x1c: [io  0x0376]
[    0.393366] pci 0000:00:07.0: quirk: [io  0x4000-0x403f] claimed by PIIX4 ACPI
[    0.396000] pci 0000:00:07.0: quirk: [io  0x4100-0x410f] claimed by PIIX4 SMB
[    0.429863] ACPI: PCI Interrupt Link [LNKA] (IRQs 5 9 10 *11)
[    0.432474] ACPI: PCI Interrupt Link [LNKB] (IRQs 5 9 *10 11)
[    0.434576] ACPI: PCI Interrupt Link [LNKC] (IRQs 5 *9 10 11)
[    0.436210] ACPI: PCI Interrupt Link [LNKD] (IRQs 5 9 10 *11)
[    0.440517] SCSI subsystem initialized
[    0.442043] pci 0000:00:02.0: vgaarb: setting as boot VGA device
[    0.442314] pci 0000:00:02.0: vgaarb: VGA device added: decodes=io+mem,owns=io+mem,locks=none
[    0.444016] pci 0000:00:02.0: vgaarb: bridge control possible
[    0.448005] vgaarb: loaded
[    0.449124] ACPI: bus type USB registered
[    0.450600] usbcore: registered new interface driver usbfs
[    0.452302] usbcore: registered new interface driver hub
[    0.456079] usbcore: registered new device driver usb
[    0.458381] EDAC MC: Ver: 3.0.0
[    0.460537] PCI: Using ACPI for IRQ routing
[    0.464014] NetLabel: Initializing
[    0.465241] NetLabel:  domain hash size = 128
[    0.466750] NetLabel:  protocols = UNLABELED CIPSOv4 CALIPSO
[    0.468046] NetLabel:  unlabeled traffic allowed by default
[    0.470369] clocksource: Switched to clocksource kvm-clock
[    0.511272] VFS: Disk quotas dquot_6.6.0
[    0.513433] VFS: Dquot-cache hash table entries: 512 (order 0, 4096 bytes)
[    0.516345] AppArmor: AppArmor Filesystem Enabled
[    0.518138] pnp: PnP ACPI init
[    0.521434] pnp: PnP ACPI: found 3 devices
[    0.536328] clocksource: acpi_pm: mask: 0xffffff max_cycles: 0xffffff, max_idle_ns: 2085701024 ns
[    0.539278] NET: Registered protocol family 2
[    0.541120] IP idents hash table entries: 32768 (order: 6, 262144 bytes)
[    0.544550] TCP established hash table entries: 16384 (order: 5, 131072 bytes)
[    0.547598] TCP bind hash table entries: 16384 (order: 6, 262144 bytes)
[    0.554145] TCP: Hash tables configured (established 16384 bind 16384)
[    0.559415] UDP hash table entries: 1024 (order: 3, 32768 bytes)
[    0.561477] UDP-Lite hash table entries: 1024 (order: 3, 32768 bytes)
[    0.563659] NET: Registered protocol family 1
[    0.565259] pci 0000:00:00.0: Limiting direct PCI/PCI transfers
[    0.567283] pci 0000:00:01.0: Activating ISA DMA hang workarounds
[    0.569458] pci 0000:00:02.0: Video device with shadowed ROM at [mem 0x000c0000-0x000dffff]
[    0.572496] Unpacking initramfs...
[    1.393124] Freeing initrd memory: 20396K
[    1.395107] clocksource: tsc: mask: 0xffffffffffffffff max_cycles: 0x2135f449559, max_idle_ns: 440795312421 ns
[    1.398522] platform rtc_cmos: registered platform RTC device (no PNP device found)
[    1.401260] Scanning for low memory corruption every 60 seconds
[    1.404593] Initialise system trusted keyrings
[    1.407218] Key type blacklist registered
[    1.411971] workingset: timestamp_bits=36 max_order=19 bucket_order=0
[    1.415924] zbud: loaded
[    1.417852] squashfs: version 4.0 (2009/01/31) Phillip Lougher
[    1.421385] fuse init (API version 7.26)
[    1.432281] Key type asymmetric registered
[    1.433721] Asymmetric key parser 'x509' registered
[    1.435364] Block layer SCSI generic (bsg) driver version 0.4 loaded (major 246)
[    1.437939] io scheduler noop registered
[    1.439412] io scheduler deadline registered
[    1.442359] io scheduler cfq registered (default)
[    1.444746] ACPI: AC Adapter [AC] (on-line)
[    1.446432] input: Power Button as /devices/LNXSYSTM:00/LNXPWRBN:00/input/input0
[    1.449337] ACPI: Power Button [PWRF]
[    1.450850] input: Sleep Button as /devices/LNXSYSTM:00/LNXSLPBN:00/input/input1
[    1.453540] ACPI: Sleep Button [SLPF]
[    1.456324] Serial: 8250/16550 driver, 32 ports, IRQ sharing enabled
[    1.457414] ACPI: Battery Slot [BAT0] (battery present)
[    1.483892] 00:02: ttyS0 at I/O 0x3f8 (irq = 4, base_baud = 115200) is a 16550A
[    1.501291] Linux agpgart interface v0.103
[    1.505685] loop: module loaded
[    1.509051] scsi host0: ata_piix
[    1.510623] scsi host1: ata_piix
[    1.511796] ata1: PATA max UDMA/33 cmd 0x1f0 ctl 0x3f6 bmdma 0xd000 irq 14
[    1.514092] ata2: PATA max UDMA/33 cmd 0x170 ctl 0x376 bmdma 0xd008 irq 15
[    1.517447] libphy: Fixed MDIO Bus: probed
[    1.518823] tun: Universal TUN/TAP device driver, 1.6
[    1.520621] PPP generic driver version 2.4.2
[    1.522191] ehci_hcd: USB 2.0 'Enhanced' Host Controller (EHCI) Driver
[    1.526099] ehci-pci: EHCI PCI platform driver
[    1.527766] ehci-platform: EHCI generic platform driver
[    1.530101] ohci_hcd: USB 1.1 'Open' Host Controller (OHCI) Driver
[    1.532105] ohci-pci: OHCI PCI platform driver
[    1.533666] ohci-platform: OHCI generic platform driver
[    1.535455] uhci_hcd: USB Universal Host Controller Interface driver
[    1.537674] i8042: PNP: PS/2 Controller [PNP0303:PS2K,PNP0f03:PS2M] at 0x60,0x64 irq 1,12
[    1.542143] serio: i8042 KBD port at 0x60,0x64 irq 1
[    1.543924] serio: i8042 AUX port at 0x60,0x64 irq 12
[    1.546501] mousedev: PS/2 mouse device common for all mice
[    1.549537] input: AT Translated Set 2 keyboard as /devices/platform/i8042/serio0/input/input2
[    1.552558] rtc_cmos rtc_cmos: rtc core: registered rtc_cmos as rtc0
[    1.554605] rtc_cmos rtc_cmos: alarms up to one day, 114 bytes nvram
[    1.556732] i2c /dev entries driver
[    1.558639] device-mapper: uevent: version 1.0.3
[    1.561062] device-mapper: ioctl: 4.37.0-ioctl (2017-09-20) initialised: dm-devel@redhat.com
[    1.564443] ledtrig-cpu: registered to indicate activity on CPUs
[    1.567118] NET: Registered protocol family 10
[    1.577692] Segment Routing with IPv6
[    1.579225] NET: Registered protocol family 17
[    1.580960] Key type dns_resolver registered
[    1.582837] mce: Using 0 MCE banks
[    1.584044] RAS: Correctable Errors collector initialized.
[    1.585961] sched_clock: Marking stable (1585913407, 0)->(1972426321, -386512914)
[    1.594065] registered taskstats version 1
[    1.595470] Loading compiled-in X.509 certificates
[    1.602871] Loaded X.509 cert 'Build time autogenerated kernel key: af32452646252a8bcb28446c2c4754d4174d97ad'
[    1.607761] Loaded X.509 cert 'Canonical Ltd. Live Patch Signing: 14df34d1a87cf37625abec039ef2bf521249b969'
[    1.612901] Loaded X.509 cert 'Canonical Ltd. Kernel Module Signing: 88f752e560a1e0737e31163a466ad7b70a850c19'
[    1.616516] blacklist: Loading compiled-in revocation X.509 certificates
[    1.618695] Loaded X.509 cert 'Canonical Ltd. Secure Boot Signing: 61482aa2830d0ab2ad5af10b7250da9033ddcef0'
[    1.621838] zswap: loaded using pool lzo/zbud
[    1.631363] Key type big_key registered
[    1.632847] Key type trusted registered
[    1.637608] Key type encrypted registered
[    1.639142] AppArmor: AppArmor sha1 policy hashing enabled
[    1.641282] ima: No TPM chip found, activating TPM-bypass! (rc=-19)
[    1.643454] ima: Allocated hash algorithm: sha1
[    1.645079] evm: HMAC attrs: 0x1
[    1.646761]   Magic number: 14:347:578
[    1.648468] platform pcspkr: hash matches
[    1.650283] rtc_cmos rtc_cmos: setting system clock to 2022-03-17 10:35:37 UTC (1647513337)
[    1.653275] BIOS EDD facility v0.16 2004-Jun-25, 0 devices found
[    1.655167] EDD information not available.
[    1.711544] Freeing unused kernel image memory: 2476K
[    1.728708] Write protecting the kernel read-only data: 20480k
[    1.731813] Freeing unused kernel image memory: 2008K
[    1.734100] Freeing unused kernel image memory: 1820K
[    1.762463] x86/mm: Checked W+X mappings: passed, no W+X pages found.
[    1.769143] x86/mm: Checking user space page tables
[    1.792664] x86/mm: Checked W+X mappings: passed, no W+X pages found.
Loading, please wait...
starting version 237
[    1.956198] e1000: Intel(R) PRO/1000 Network Driver - version 7.3.21-k8-NAPI
[    1.959013] e1000: Copyright (c) 1999-2006 Intel Corporation.
[    1.999116] Fusion MPT base driver 3.04.20
[    2.001105] Copyright (c) 1999-2008 LSI Corporation
[    2.011067] Fusion MPT SPI Host driver 3.04.20
[    2.027084] AVX2 version of gcm_enc/dec engaged.
[    2.030084] AES CTR mode by8 optimization enabled
[    2.207032] input: ImExPS/2 Generic Explorer Mouse as /devices/platform/i8042/serio1/input/input4
[    2.527504] e1000 0000:00:03.0 eth0: (PCI:33MHz:32-bit) 02:8d:1f:db:13:bf
[    2.529744] e1000 0000:00:03.0 eth0: Intel(R) PRO/1000 Network Connection
[    2.995595] e1000 0000:00:08.0 eth1: (PCI:33MHz:32-bit) 08:00:27:9a:e2:ef
[    2.998002] e1000 0000:00:08.0 eth1: Intel(R) PRO/1000 Network Connection
[    3.001909] mptbase: ioc0: Initiating bringup
[    3.564999] ioc0: LSI53C1030 A0: Capabilities={Initiator}
[    7.222352] scsi host2: ioc0: LSI53C1030 A0, FwRev=00000000h, Ports=1, MaxQ=256, IRQ=20
[    9.405380] scsi 2:0:0:0: Direct-Access     VBOX     HARDDISK         1.0  PQ: 0 ANSI: 5
[    9.455725] scsi target2:0:0: Beginning Domain Validation
[    9.458875] scsi target2:0:0: Domain Validation skipping write tests
[    9.460949] scsi target2:0:0: Ending Domain Validation
[    9.462697] scsi target2:0:0: asynchronous
[    9.464727] scsi 2:0:1:0: Direct-Access     VBOX     HARDDISK         1.0  PQ: 0 ANSI: 5
[    9.835399] scsi target2:0:1: Beginning Domain Validation
[    9.837805] random: fast init done
[    9.840063] scsi target2:0:1: Domain Validation skipping write tests
[    9.843603] scsi target2:0:1: Ending Domain Validation
[    9.845494] scsi target2:0:1: asynchronous
[    9.853261] random: systemd-udevd: uninitialized urandom read (16 bytes read)
[    9.853697] sd 2:0:0:0: [sda] 83886080 512-byte logical blocks: (42.9 GB/40.0 GiB)
[    9.857143] random: systemd-udevd: uninitialized urandom read (16 bytes read)
[    9.859681] sd 2:0:0:0: [sda] Write Protect is off
[    9.863680] sd 2:0:0:0: Attached scsi generic sg0 type 0
[    9.865788] sd 2:0:0:0: [sda] Incomplete mode parameter data
[    9.867854] sd 2:0:0:0: [sda] Assuming drive cache: write through
[    9.870880] sd 2:0:1:0: Attached scsi generic sg1 type 0
[    9.871340] random: systemd-udevd: uninitialized urandom read (16 bytes read)
[    9.873918]  sda: sda1
[    9.878228] sd 2:0:0:0: [sda] Attached SCSI disk
[    9.884500] sd 2:0:1:0: [sdb] 20480 512-byte logical blocks: (10.5 MB/10.0 MiB)
[    9.887062] sd 2:0:1:0: [sdb] Write Protect is off
[    9.888989] sd 2:0:1:0: [sdb] Incomplete mode parameter data
[    9.891106] sd 2:0:1:0: [sdb] Assuming drive cache: write through
[    9.891115] e1000 0000:00:09.0 eth2: (PCI:33MHz:32-bit) 08:00:27:2f:fb:fd
[    9.895259] e1000 0000:00:09.0 eth2: Intel(R) PRO/1000 Network Connection
[    9.904605] e1000 0000:00:03.0 enp0s3: renamed from eth0
[    9.908492] sd 2:0:1:0: [sdb] Attached SCSI disk
[    9.952183] e1000 0000:00:08.0 enp0s8: renamed from eth1
[    9.977528] e1000 0000:00:09.0 enp0s9: renamed from eth2
Begin: Loading essential drivers ... [   11.968048] raid6: sse2x1   gen()  4126 MB/s
[   12.016120] raid6: sse2x1   xor()  2877 MB/s
[   12.064101] raid6: sse2x2   gen()  5210 MB/s
[   12.112141] raid6: sse2x2   xor()  3439 MB/s
[   12.160344] raid6: sse2x4   gen()  5890 MB/s
[   12.208159] raid6: sse2x4   xor()  3542 MB/s
[   12.256043] raid6: avx2x1   gen()  7914 MB/s
[   12.304112] raid6: avx2x1   xor()  5314 MB/s
[   12.352083] raid6: avx2x2   gen()  8334 MB/s
[   12.400196] raid6: avx2x2   xor()  5902 MB/s
[   12.448080] raid6: avx2x4   gen() 10124 MB/s
[   12.500026] raid6: avx2x4   xor()  6192 MB/s
[   12.501567] raid6: using algorithm avx2x4 gen() 10124 MB/s
[   12.503443] raid6: .... xor() 6192 MB/s, rmw enabled
[   12.505189] raid6: using avx2x2 recovery algorithm
[   12.509947] xor: automatically using best checksumming function   avx       
[   12.515163] async_tx: api initialized (async)
done.
Begin: Running /scripts/init-premount ... done.
Begin: Mounting root file system ... Begin: Running /scripts/local-top ... done.
Begin: Running /scripts/local-premount ... [   12.631748] Btrfs loaded, crc32c=crc32c-intel
Scanning for Btrfs filesystems
done.
Begin: Will now check root file system ... fsck from util-linux 2.31.1
[/sbin/fsck.ext4 (1) -- /dev/sda1] fsck.ext4 -a -C0 /dev/sda1 
cloudimg-rootfs: recovering journal
cloudimg-rootfs: Clearing orphaned inode 5245 (uid=0, gid=0, mode=0100644, size=2361984)
cloudimg-rootfs: clean, 134908/5120000 files, 820346/10485499 blocks
done.
[   12.909267] EXT4-fs (sda1): mounted filesystem with ordered data mode. Opts: (null)
done.
Begin: Running /scripts/local-bottom ... done.
Begin: Running /scripts/init-bottom ... done.
[   13.353233] ip_tables: (C) 2000-2006 Netfilter Core Team
[   13.390152] systemd[1]: systemd 237 running in system mode. (+PAM +AUDIT +SELINUX +IMA +APPARMOR +SMACK +SYSVINIT +UTMP +LIBCRYPTSETUP +GCRYPT +GNUTLS +ACL +XZ +LZ4 +SECCOMP +BLKID +ELFUTILS +KMOD -IDN2 +IDN -PCRE2 default-hierarchy=hybrid)
[   13.397348] systemd[1]: Detected virtualization oracle.
[   13.399295] systemd[1]: Detected architecture x86-64.

Welcome to [1mUbuntu 18.04.6 LTS[0m!

[   13.420267] systemd[1]: Set hostname to <ubuntu-bionic>.
[   14.056127] systemd[1]: Reached target User and Group Name Lookups.
[[0;32m  OK  [0m] Reached target User and Group Name Lookups.
[   14.062884] systemd[1]: Created slice System Slice.
[[0;32m  OK  [0m] Created slice System Slice.
[   14.066209] systemd[1]: Listening on Device-mapper event daemon FIFOs.
[[0;32m  OK  [0m] Listening on Device-mapper event daemon FIFOs.
[   14.070334] systemd[1]: Listening on LVM2 metadata daemon socket.
[[0;32m  OK  [0m] Listening on LVM2 metadata daemon socket.
[   14.074191] systemd[1]: Listening on Journal Socket (/dev/log).
[[0;32m  OK  [0m] Listening on Journal Socket (/dev/log).
[   14.078247] systemd[1]: Reached target Swap.
[[0;32m  OK  [0m] Reached target Swap.
[[0;32m  OK  [0m] Started Forward Password Requests to Wall Directory Watch.
[[0;32m  OK  [0m] Listening on Journal Socket.
         Starting Create list of required stâ€¦ce nodes for the current kernel...
         Starting Set the console keyboard layout...
         Starting Uncomplicated firewall...
         Starting Load Kernel Modules...
         Starting Monitoring of LVM2 mirrorsâ€¦ng dmeventd or progress polling...
[[0;32m  OK  [0m] Listening on Journal Audit Socket.
         Mounting Huge Pages File System...
[[0;32m  OK  [0m] Listening on /dev/initctl Compatibility Named Pipe.
[[0;32m  OK  [0m] Listening on udev Kernel Socket.
[[0;32m  OK  [0m] Listening on Network Service Netlink Socket.
[[0;32m  OK  [0m] Reached target System Time Synchronized.
[[0;32m  OK  [0m] Listening on LVM2 poll daemon socket.
[[0;32m  OK  [0m] Listening on udev Control Socket.
         Starting udev Coldplug all Devices...
         Mounting Kernel Debug File System...
         Mounting POSIX Message Queue File System...
[[0;32m  OK  [0m] Created slice system-serial\x2dgetty.slice.
[[0;32m  OK  [0m] Listening on fsck to fsckd communication Socket.
[[0;32m  OK  [0m] Listening on Syslog Socket.
         Starting Journal Service...[   14.173202] random: crng init done
[   14.174376] random: 7 urandom warning(s) missed due to ratelimiting

[[0;32m  OK  [0m] Set up automount Arbitrary Executabâ€¦rmats File System Automount Point.
         Starting Remount Root and Kernel File Systems...
[[0;32m  OK  [0m] Created slice User and Session Slice.
[[0;32m  OK  [0m] Reached target Slices.
[[0;32m  OK  [0m] Started Create list of required staâ€¦vice nodes for the current kernel.
[[0;32m  OK  [0m] Started Uncomplicated firewall.
[   14.250076] Loading iSCSI transport class v2.0-870.
[[0;32m  OK  [0m] Mounted Huge Pages File System.
[[0;32m  OK  [0m] Mounted Kernel Debug File System.
[[0;32m  OK  [0m] Mounted POSIX Message Queue File System.
[[0;32m  OK  [0m] Started LVM2 metadata daemon.
[   14.271096] iscsi: registered transport (tcp)
         Starting Create Static Device Nodes in /dev...
[[0;32m  OK  [0m] Started Journal Service.
[[0;32m  OK  [0m] Started udev Coldplug all Devices.
[[0;32m  OK  [0m] Started Create Static Device Nodes in /dev.
[   14.422259] EXT4-fs (sda1): re-mounted. Opts: (null)
[[0;32m  OK  [0m] Started Remount Root and Kernel File Systems.
         Starting Flush Journal to Persistent Storage...
         Starting Load/Save Random Seed...
         Starting udev Kernel Device Manager...
[[0;32m  OK  [0m] Started Monitoring of LVM2 mirrors,â€¦sing dmeventd or progress polling.
[[0;32m  OK  [0m] Started Load/Save Random Seed.
[   14.523217] systemd-journald[429]: Received request to flush runtime journal from PID 1
[[0;32m  OK  [0m] Started Set the console keyboard layout.
[[0;32m  OK  [0m] Reached target Local File Systems (Pre).
[[0;32m  OK  [0m] Reached target Local File Systems.
         Starting Set console font and keymap...
         Starting ebtables ruleset management...
         Starting AppArmor initialization...
         Starting Tell Plymouth To Write Out Runtime Data...
[[0;32m  OK  [0m] Started udev Kernel Device Manager.
[[0;32m  OK  [0m] Started Dispatch Password Requests to Console Directory Watch.
[[0;32m  OK  [0m] Reached target Local Encrypted Volumes.
[[0;32m  OK  [0m] Started Set console font and keymap.
[[0;32m  OK  [0m] Started Tell Plymouth To Write Out Runtime Data.
[   14.706241] iscsi: registered transport (iser)
[[0;32m  OK  [0m] Started Load Kernel Modules.
         Starting Apply Kernel Variables...
         Mounting FUSE Control File System...
[   14.725125] systemd-journald[429]: File /var/log/journal/cef553469d7a43c397062205b1265c91/system.journal corrupted or uncleanly shut down, renaming and replacing.
         Mounting Kernel Configuration File System...
[[0;32m  OK  [0m] Mounted FUSE Control File System.
[[0;32m  OK  [0m] Mounted Kernel Configuration File System.
[[0;32m  OK  [0m] Started Apply Kernel Variables.
[[0;32m  OK  [0m] Started ebtables ruleset management.
[[0;32m  OK  [0m] Started Flush Journal to Persistent Storage.
         Starting Create Volatile Files and Directories...
[[0;32m  OK  [0m] Started Create Volatile Files and Directories.
         Starting Update UTMP about System Boot/Shutdown...
[[0;32m  OK  [0m] Started Update UTMP about System Boot/Shutdown.
[[0;32m  OK  [0m] Found device /dev/ttyS0.
[[0;32m  OK  [0m] Listening on Load/Save RF Kill Switch Status /dev/rfkill Watch.
[[0;32m  OK  [0m] Started AppArmor initialization.
         Starting Load AppArmor profiles managed internally by snapd...
         Starting Initial cloud-init job (pre-networking)...
[[0;32m  OK  [0m] Started Load AppArmor profiles managed internally by snapd.
[   18.278617] cloud-init[575]: Cloud-init v. 21.4-0ubuntu1~18.04.1 running 'init-local' at Thu, 17 Mar 2022 10:35:53 +0000. Up 17.94 seconds.
[[0;32m  OK  [0m] Started Initial cloud-init job (pre-networking).
[[0;32m  OK  [0m] Reached target Network (Pre).
         Starting Network Service...
[[0;32m  OK  [0m] Started Network Service.
         Starting Wait for Network to be Configured...
         Starting Network Name Resolution...
[[0;32m  OK  [0m] Started Network Name Resolution.
[[0;32m  OK  [0m] Reached target Host and Network Name Lookups.
[[0;32m  OK  [0m] Reached target Network.
[[0;32m  OK  [0m] Started Wait for Network to be Configured.
         Starting Initial cloud-init job (metadata service crawler)...
[   21.347166] cloud-init[733]: Cloud-init v. 21.4-0ubuntu1~18.04.1 running 'init' at Thu, 17 Mar 2022 10:35:56 +0000. Up 21.03 seconds.
[   21.350401] cloud-init[733]: ci-info: ++++++++++++++++++++++++++++++++++++++Net device info+++++++++++++++++++++++++++++++++++++++
[   21.353627] cloud-init[733]: ci-info: +--------+------+-----------------------------+---------------+--------+-------------------+
[   21.356820] cloud-init[733]: ci-info: | Device |  Up  |           Address           |      Mask     | Scope  |     Hw-Address    |
[   21.359919] cloud-init[733]: ci-info: +--------+------+-----------------------------+---------------+--------+-------------------+
[   21.363031] cloud-init[733]: ci-info: | enp0s3 | True |          10.0.2.15          | 255.255.255.0 | global | 02:8d:1f:db:13:bf |
[   21.365938] cloud-init[733]: ci-info: | enp0s3 | True |  fe80::8d:1fff:fedb:13bf/64 |       .       |  link  | 02:8d:1f:db:13:bf |
[   21.368925] cloud-init[733]: ci-info: | enp0s8 | True |        192.168.33.10        | 255.255.255.0 | global | 08:00:27:9a:e2:ef |
[   21.374092] cloud-init[733]: ci-info: | enp0s8 | True | fe80::a00:27ff:fe9a:e2ef/64 |       .       |  link  | 08:00:27:9a:e2:ef |
[   21.377061] cloud-init[733]: ci-info: | enp0s9 | True |        192.168.0.105        | 255.255.255.0 | global | 08:00:27:2f:fb:fd |
[   21.380630] cloud-init[733]: ci-info: | enp0s9 | True | fe80::a00:27ff:fe2f:fbfd/64 |       .       |  link  | 08:00:27:2f:fb:fd |
[   21.383757] cloud-init[733]: ci-info: |   lo   | True |          127.0.0.1          |   255.0.0.0   |  host  |         .         |
[   21.387359] cloud-init[733]: ci-info: |   lo   | True |           ::1/128           |       .       |  host  |         .         |
[   21.390157] cloud-init[733]: ci-info: +--------+------+-----------------------------+---------------+--------+-------------------+
[   21.392818] cloud-init[733]: ci-info: ++++++++++++++++++++++++++++++Route IPv4 info+++++++++++++++++++++++++++++++
[   21.395239] cloud-init[733]: ci-info: +-------+--------------+-------------+-----------------+-----------+-------+
[   21.405174] cloud-init[733]: ci-info: | Route | Destination  |   Gateway   |     Genmask     | Interface | Flags |
[   21.408087] cloud-init[733]: ci-info: +-------+--------------+-------------+-----------------+-----------+-------+
[   21.417254] cloud-init[733]: ci-info: |   0   |   0.0.0.0    |   10.0.2.2  |     0.0.0.0     |   enp0s3  |   UG  |
[   21.419977] cloud-init[733]: ci-info: |   1   |   0.0.0.0    | 192.168.0.1 |     0.0.0.0     |   enp0s9  |   UG  |
[   21.422719] cloud-init[733]: ci-info: |   2   |   10.0.2.0   |   0.0.0.0   |  255.255.255.0  |   enp0s3  |   U   |
[   21.425250] cloud-init[733]: ci-info: |   3   |   10.0.2.2   |   0.0.0.0   | 255.255.255.255 |   enp0s3  |   UH  |
[   21.427671] cloud-init[733]: ci-info: |   4   | 192.168.0.0  |   0.0.0.0   |  255.255.255.0  |   enp0s9  |   U   |
[   21.430040] cloud-init[733]: ci-info: |   5   | 192.168.0.1  |   0.0.0.0   | 255.255.255.255 |   enp0s9  |   UH  |
[   21.432643] cloud-init[733]: ci-info: |   6   | 192.168.33.0 |   0.0.0.0   |  255.255.255.0  |   enp0s8  |   U   |
[   21.435013] cloud-init[733]: ci-info: +-------+--------------+-------------+-----------------+-----------+-------+
[   21.437709] cloud-init[733]: ci-info: +++++++++++++++++++Route IPv6 info+++++++++++++++++++
[   21.439860] cloud-init[733]: ci-info: +-------+-------------+---------+-----------+-------+
[   21.441830] cloud-init[733]: ci-info: | Route | Destination | Gateway | Interface | Flags |
[   21.443879] cloud-init[733]: ci-info: +-------+-------------+---------+-----------+-------+
[   21.446062] cloud-init[733]: ci-info: |   1   |  fe80::/64  |    ::   |   enp0s9  |   U   |
[   21.448129] cloud-init[733]: ci-info: |   2   |  fe80::/64  |    ::   |   enp0s8  |   U   |
[   21.450091] cloud-init[733]: ci-info: |   3   |  fe80::/64  |    ::   |   enp0s3  |   U   |
[   21.452145] cloud-init[733]: ci-info: |   5   |    local    |    ::   |   enp0s3  |   U   |
[   21.454180] cloud-init[733]: ci-info: |   6   |    local    |    ::   |   enp0s9  |   U   |
[   21.456289] cloud-init[733]: ci-info: |   7   |    local    |    ::   |   enp0s8  |   U   |
[   21.458208] cloud-init[733]: ci-info: |   8   |   ff00::/8  |    ::   |   enp0s9  |   U   |
[   21.460217] cloud-init[733]: ci-info: |   9   |   ff00::/8  |    ::   |   enp0s8  |   U   |
[   21.462228] cloud-init[733]: ci-info: |   10  |   ff00::/8  |    ::   |   enp0s3  |   U   |
[   21.464241] cloud-init[733]: ci-info: +-------+-------------+---------+-----------+-------+
[[0;32m  OK  [0m] Started Initial cloud-init job (metadata service crawler).
[[0;32m  OK  [0m] Reached target System Initialization.
         Starting Socket activation for snappy daemon.
[[0;32m  OK  [0m] Started ACPI Events Check.
[[0;32m  OK  [0m] Listening on UUID daemon activation socket.
[[0;32m  OK  [0m] Listening on cloud-init hotplug hook socket.
[[0;32m  OK  [0m] Started Trigger to poll for Ubuntu â€¦(Only enabled on GCP LTS non-pro).
[[0;32m  OK  [0m] Started Message of the Day.
[[0;32m  OK  [0m] Started Daily apt download activities.
[[0;32m  OK  [0m] Started Daily apt upgrade and clean activities.
         Starting LXD - unix socket.
[[0;32m  OK  [0m] Reached target Paths.
[[0;32m  OK  [0m] Started Ubuntu Advantage Timer for running repeated jobs.
[[0;32m  OK  [0m] Listening on D-Bus System Message Bus Socket.
[[0;32m  OK  [0m] Started Daily Cleanup of Temporary Directories.
[[0;32m  OK  [0m] Listening on Open-iSCSI iscsid Socket.
[[0;32m  OK  [0m] Listening on ACPID Listen Socket.
[[0;32m  OK  [0m] Started Discard unused blocks once a week.
[[0;32m  OK  [0m] Reached target Timers.
[[0;32m  OK  [0m] Reached target Cloud-config availability.
[[0;32m  OK  [0m] Reached target Network is Online.
[[0;32m  OK  [0m] Reached target Remote File Systems (Pre).
         Mounting /vagrant...
         Starting Availability of block devices...
         Mounting /vagrant_data...
[[0;32m  OK  [0m] Listening on Socket activation for snappy daemon.
[[0;32m  OK  [0m] Listening on LXD - unix socket.
[[0;32m  OK  [0m] Reached target Sockets.
[[0;32m  OK  [0m] Reached target Basic System.
[[0;32m  OK  [0m] Started FUSE filesystem for LXC.
         Starting Login Service...
         Starting LSB: Record successful boot for GRUB...
[[0;32m  OK  [0m] Started Regular background program processing daemon.
         Starting LXD - container startup/shutdown...
[[0;32m  OK  [0m] Started irqbalance daemon.
         Starting vboxadd.service...
         Starting Message of the Day...
         Starting System Logging Service...
         Starting Snap Daemon...
         Starting Dispatcher daemon for systemd-networkd...
         Starting OpenBSD Secure Shell server...
[[0;32m  OK  [0m] Started D-Bus System Message Bus.
         Starting Accounts Service...
[[0;32m  OK  [0m] Started Deferred execution scheduler.
[[0;32m  OK  [0m] Started System Logging Service.
[[0;1;31mFAILED[0m] Failed to mount /vagrant.
See 'systemctl status vagrant.mount' for details.
[[0;1;33mDEPEND[0m] Dependency failed for Remote File Systems.
[[0;32m  OK  [0m] Started Availability of block devices.
[[0;1;31mFAILED[0m] Failed to mount /vagrant_data.
See 'systemctl status vagrant_data.mount' for details.
[[0;32m  OK  [0m] Started Login Service.
[[0;32m  OK  [0m] Started Unattended Upgrades Shutdown.
         Starting Permit User Sessions...
         Starting LSB: automatic crash report generation...
         Starting The Apache HTTP Server...
[[0;32m  OK  [0m] Started OpenBSD Secure Shell server.
[[0;32m  OK  [0m] Started Permit User Sessions.
         Starting Hold until boot process finishes up...
         Starting Terminate Plymouth Boot Screen...
[[0;32m  OK  [0m] Started Hold until boot process finishes up.
[[0;32m  OK  [0m] Started Serial Getty on ttyS0.
         Starting Set console scheme...
[[0;32m  OK  [0m] Started Terminate Plymouth Boot Screen.
[[0;32m  OK  [0m] Started Set console scheme.
[[0;32m  OK  [0m] Created slice system-getty.slice.
[[0;32m  OK  [0m] Started Getty on tty1.
[[0;32m  OK  [0m] Reached target Login Prompts.
         Starting Authorization Manager...
[[0;32m  OK  [0m] Started LSB: Record successful boot for GRUB.
[[0;32m  OK  [0m] Started LSB: automatic crash report generation.
[[0;32m  OK  [0m] Started Authorization Manager.
[[0;32m  OK  [0m] Started Accounts Service.
[[0;32m  OK  [0m] Started LXD - container startup/shutdown.
[[0;32m  OK  [0m] Started The Apache HTTP Server.
[[0;32m  OK  [0m] Started Dispatcher daemon for systemd-networkd.
[[0;32m  OK  [0m] Started Snap Daemon.
         Starting Wait until snapd is fully seeded...
         Starting Time & Date Service...
[[0;32m  OK  [0m] Started Time & Date Service.
[[0;32m  OK  [0m] Started Message of the Day.
[[0;32m  OK  [0m] Started Wait until snapd is fully seeded.
         Starting Apply the settings specified in cloud-config...
[[0;32m  OK  [0m] Created slice User Slice of vagrant.
         Starting User Manager for UID 1000...
[[0;32m  OK  [0m] Started Session 1 of user vagrant.
[[0;32m  OK  [0m] Started User Manager for UID 1000.
[[0;32m  OK  [0m] Started vboxadd.service.
         Starting vboxadd-service.service...
[   27.788121] cloud-init[1215]: Cloud-init v. 21.4-0ubuntu1~18.04.1 running 'modules:config' at Thu, 17 Mar 2022 10:36:03 +0000. Up 27.36 seconds.
[[0;32m  OK  [0m] Started Apply the settings specified in cloud-config.

Ubuntu 18.04.6 LTS ubuntu-bionic ttyS0

ubuntu-bionic login: [   29.326539] cloud-init[1383]: Cloud-init v. 21.4-0ubuntu1~18.04.1 running 'modules:final' at Thu, 17 Mar 2022 10:36:04 +0000. Up 29.06 seconds.
[   29.326784] cloud-init[1383]: Cloud-init v. 21.4-0ubuntu1~18.04.1 finished at Thu, 17 Mar 2022 10:36:05 +0000. Datasource DataSourceNoCloud [seed=/dev/sdb][dsmode=net].  Up 29.30 seconds
[[0;32m  OK  [0m] Stopped Unattended Upgrades Shutdown.
         Stopping Session 3 of user vagrant.
         Stopping Authorization Manager...
         Stopping Availability of block devices...
         Unmounting /vagrant...
[[0;32m  OK  [0m] Closed Load/Save RF Kill Switch Status /dev/rfkill Watch.
[[0;32m  OK  [0m] Stopped target Graphical Interface.
         Stopping User Manager for UID 1000...
[[0;32m  OK  [0m] Stopped target Timers.
[[0;32m  OK  [0m] Stopped Daily apt upgrade and clean activities.
[[0;32m  OK  [0m] Stopped Daily apt download activities.
[[0;32m  OK  [0m] Stopped Discard unused blocks once a week.
[[0;32m  OK  [0m] Stopped Ubuntu Advantage Timer for running repeated jobs.
[[0;32m  OK  [0m] Stopped Daily Cleanup of Temporary Directories.
[[0;32m  OK  [0m] Stopped Message of the Day.
         Stopping Accounts Service...
[[0;32m  OK  [0m] Stopped target System Time Synchronized.
[[0;32m  OK  [0m] Stopped target Cloud-init target.
[[0;32m  OK  [0m] Stopped Execute cloud user/final scripts.
[[0;32m  OK  [0m] Stopped Apply the settings specified in cloud-config.
[[0;32m  OK  [0m] Stopped target Cloud-config availability.
[[0;32m  OK  [0m] Stopped target Multi-User System.
         Stopping FUSE filesystem for LXC...
         Stopping LXD - container startup/shutdown...
         Stopping The Apache HTTP Server...
         Stopping vboxadd-service.service...
         Stopping irqbalance daemon...
         Stopping LSB: automatic crash report generation...
[[0;32m  OK  [0m] Stopped Wait until snapd is fully seeded.
         Stopping Dispatcher daemon for systemd-networkd...
         Stopping Regular background program processing daemon...
[[0;32m  OK  [0m] Stopped target Login Prompts.
         Stopping Getty on tty1...
         Stopping Serial Getty on ttyS0...
         Stopping OpenBSD Secure Shell server...
         Stopping Deferred execution scheduler...
         Stopping D-Bus System Message Bus...
         Stopping System Logging Service...
         Stopping LSB: Record successful boot for GRUB...
         Unmounting /vagrant_data...
[[0;32m  OK  [0m] Unmounted /var/lib/lxcfs.
[[0;32m  OK  [0m] Stopped Regular background program processing daemon.
[[0;32m  OK  [0m] Stopped irqbalance daemon.
[[0;32m  OK  [0m] Stopped System Logging Service.
[[0;32m  OK  [0m] Stopped Dispatcher daemon for systemd-networkd.
[[0;32m  OK  [0m] Stopped Accounts Service.
[[0;32m  OK  [0m] Stopped Deferred execution scheduler.
[[0;32m  OK  [0m] Stopped OpenBSD Secure Shell server.
[[0;32m  OK  [0m] Stopped Serial Getty on ttyS0.
[[0;32m  OK  [0m] Stopped Getty on tty1.
[[0;32m  OK  [0m] Stopped Authorization Manager.
[[0;32m  OK  [0m] Stopped User Manager for UID 1000.
[[0;32m  OK  [0m] Unmounted /vagrant.
[[0;32m  OK  [0m] Stopped D-Bus System Message Bus.
[[0;32m  OK  [0m] Unmounted /vagrant_data.
[[0;32m  OK  [0m] Stopped FUSE filesystem for LXC.
[[0;32m  OK  [0m] Stopped Session 3 of user vagrant.
[[0;32m  OK  [0m] Stopped Availability of block devices.
[[0;32m  OK  [0m] Stopped vboxadd-service.service.
         Stopping vboxadd.service...
[[0;32m  OK  [0m] Stopped target Network is Online.
[[0;32m  OK  [0m] Stopped target Remote File Systems (Pre).
[[0;32m  OK  [0m] Removed slice User Slice of vagrant.
         Stopping Login Service...
[[0;32m  OK  [0m] Removed slice system-getty.slice.
[[0;32m  OK  [0m] Removed slice system-serial\x2dgetty.slice.
         Stopping Permit User Sessions...
[[0;32m  OK  [0m] Stopped LXD - container startup/shutdown.
[[0;32m  OK  [0m] Stopped LSB: automatic crash report generation.
[[0;32m  OK  [0m] Stopped Permit User Sessions.
[[0;32m  OK  [0m] Stopped LSB: Record successful boot for GRUB.
[[0;32m  OK  [0m] Stopped Login Service.
[[0;32m  OK  [0m] Stopped target User and Group Name Lookups.
[[0;32m  OK  [0m] Stopped The Apache HTTP Server.
[[0;32m  OK  [0m] Stopped target Host and Network Name Lookups.
[[0;32m  OK  [0m] Stopped target Network.
         Stopping Network Name Resolution...
[[0;32m  OK  [0m] Stopped Network Name Resolution.
         Stopping Network Service...
[[0;32m  OK  [0m] Stopped Network Service.
[[0;32m  OK  [0m] Stopped target Network (Pre).
[[0;32m  OK  [0m] Stopped vboxadd.service.
[[0;32m  OK  [0m] Stopped target Basic System.
[[0;32m  OK  [0m] Stopped target Paths.
[[0;32m  OK  [0m] Stopped ACPI Events Check.
[[0;32m  OK  [0m] Stopped Trigger to poll for Ubuntu â€¦(Only enabled on GCP LTS non-pro).
[[0;32m  OK  [0m] Stopped target Sockets.
[[0;32m  OK  [0m] Closed D-Bus System Message Bus Socket.
[[0;32m  OK  [0m] Closed ACPID Listen Socket.
[[0;32m  OK  [0m] Closed UUID daemon activation socket.
[[0;32m  OK  [0m] Closed LXD - unix socket.
[[0;32m  OK  [0m] Closed Open-iSCSI iscsid Socket.
[[0;32m  OK  [0m] Closed cloud-init hotplug hook socket.
[[0;32m  OK  [0m] Closed Socket activation for snappy daemon.
[[0;32m  OK  [0m] Stopped target System Initialization.
         Stopping Load/Save Random Seed...
         Stopping Update UTMP about System Boot/Shutdown...
[[0;32m  OK  [0m] Stopped Apply Kernel Variables.
[[0;32m  OK  [0m] Stopped Load Kernel Modules.
[[0;32m  OK  [0m] Stopped Initial cloud-init job (metadata service crawler).
[[0;32m  OK  [0m] Stopped target Local Encrypted Volumes.
[[0;32m  OK  [0m] Stopped Dispatch Password Requests to Console Directory Watch.
[[0;32m  OK  [0m] Stopped Forward Password Requests to Wall Directory Watch.
[[0;32m  OK  [0m] Stopped Initial cloud-init job (pre-networking).
[[0;32m  OK  [0m] Closed Syslog Socket.
[[0;32m  OK  [0m] Stopped target Slices.
[[0;32m  OK  [0m] Removed slice User and Session Slice.
[[0;32m  OK  [0m] Stopped Load/Save Random Seed.
[[0;32m  OK  [0m] Stopped Update UTMP about System Boot/Shutdown.
[[0;32m  OK  [0m] Stopped Create Volatile Files and Directories.
[[0;32m  OK  [0m] Stopped target Local File Systems.
         Unmounting /run/user/1000...
[[0;32m  OK  [0m] Unmounted /run/user/1000.
[[0;32m  OK  [0m] Reached target Unmount All Filesystems.
[[0;32m  OK  [0m] Stopped target Local File Systems (Pre).
         Stopping Monitoring of LVM2 mirrorsâ€¦ng dmeventd or progress polling...
[[0;32m  OK  [0m] Stopped Create Static Device Nodes in /dev.
[[0;32m  OK  [0m] Stopped Remount Root and Kernel File Systems.
[[0;32m  OK  [0m] Stopped target Swap.
[[0;32m  OK  [0m] Reached target Shutdown.
[[0;32m  OK  [0m] Reached target Final Step.
         Starting Power-Off...
[  153.242589] reboot: Power down
